\BOOKMARK [0][-]{chapter*.1}{\376\377\122\115\212\000}{}% 1
\BOOKMARK [0][-]{chapter.1}{\376\377\137\025\212\000}{}% 2
\BOOKMARK [1][-]{section.1.1}{\376\377\170\024\172\166\200\314\146\157}{chapter.1}% 3
\BOOKMARK [1][-]{section.1.2}{\376\377\170\024\172\166\225\356\230\230}{chapter.1}% 4
\BOOKMARK [1][-]{section.1.3}{\376\377\116\073\211\201\215\041\163\056}{chapter.1}% 5
\BOOKMARK [1][-]{section.1.4}{\376\377\142\245\124\112\176\323\147\204}{chapter.1}% 6
\BOOKMARK [0][-]{chapter.2}{\376\377\166\370\121\163\135\345\117\134}{}% 7
\BOOKMARK [1][-]{section.2.1}{\376\377\131\032\152\041\140\001\207\215\124\010\145\271\154\325}{chapter.2}% 8
\BOOKMARK [2][-]{subsection.2.1.1}{\376\377\000T\000r\000a\000n\000s\000f\000o\000r\000m\000e\000r\116\016\215\350\152\041\140\001\154\350\141\017\122\233}{section.2.1}% 9
\BOOKMARK [2][-]{subsection.2.1.2}{\376\377\126\372\133\232\147\103\221\315\116\016\133\146\116\140\147\103\221\315\166\204\207\215\124\010}{section.2.1}% 10
\BOOKMARK [1][-]{section.2.2}{\376\377\200\001\136\164\116\272\215\314\120\022\150\300\155\113}{chapter.2}% 11
\BOOKMARK [2][-]{subsection.2.2.1}{\376\377\000M\000e\000d\000i\000a\000P\000i\000p\000e\131\377\140\001\117\060\213\241}{section.2.2}% 12
\BOOKMARK [1][-]{section.2.3}{\376\377\163\257\130\203\130\360\227\363\122\006\174\173}{chapter.2}% 13
\BOOKMARK [1][-]{section.2.4}{\376\377\145\160\143\156\130\236\137\072\116\016\123\112\124\010\142\020\145\271\154\325}{chapter.2}% 14
\BOOKMARK [1][-]{section.2.5}{\376\377\116\016\147\054\135\345\117\134\166\204\135\356\137\002\133\232\117\115}{chapter.2}% 15
\BOOKMARK [0][-]{chapter.3}{\376\377\174\373\176\337\147\266\147\204\116\016\145\271\154\325}{}% 16
\BOOKMARK [1][-]{section.3.1}{\376\377\174\373\176\337\140\073\117\123\147\266\147\204}{chapter.3}% 17
\BOOKMARK [1][-]{section.3.2}{\376\377\215\350\152\041\140\001\154\350\141\017\122\233\147\072\122\066}{chapter.3}% 18
\BOOKMARK [2][-]{subsection.3.2.1}{\376\377\162\171\137\201\142\225\137\161\116\016\152\041\140\001\135\114\121\145}{section.3.2}% 19
\BOOKMARK [2][-]{subsection.3.2.2}{\376\377\131\032\131\064\154\350\141\017\122\233\213\241\173\227}{section.3.2}% 20
\BOOKMARK [2][-]{subsection.3.2.3}{\376\377\153\213\135\356\217\336\143\245\116\016\122\115\231\210\177\121\176\334}{section.3.2}% 21
\BOOKMARK [2][-]{subsection.3.2.4}{\376\377\116\016\173\200\123\125\142\374\143\245\166\204\123\072\122\053}{section.3.2}% 22
\BOOKMARK [1][-]{section.3.3}{\376\377\152\041\140\001\121\150\134\100\147\103\221\315}{chapter.3}% 23
\BOOKMARK [1][-]{section.3.4}{\376\377\122\006\174\173\131\064}{chapter.3}% 24
\BOOKMARK [1][-]{section.3.5}{\376\377\177\072\131\061\145\160\143\156\131\004\164\006}{chapter.3}% 25
\BOOKMARK [1][-]{section.3.6}{\376\377\152\041\127\213\123\302\145\160\221\317}{chapter.3}% 26
\BOOKMARK [0][-]{chapter.4}{\376\377\145\160\143\156\226\306\116\016\162\171\137\201\143\320\123\326}{}% 27
\BOOKMARK [1][-]{section.4.1}{\376\377\145\160\143\156\226\306\151\202\217\360}{chapter.4}% 28
\BOOKMARK [1][-]{section.4.2}{\376\377\000E\000S\000C\000-\0005\0000\227\363\230\221\145\160\143\156\226\306}{chapter.4}% 29
\BOOKMARK [1][-]{section.4.3}{\376\377\000P\000e\000x\000e\000l\000s\211\306\230\221\145\160\143\156\226\306}{chapter.4}% 30
\BOOKMARK [2][-]{subsection.4.3.1}{\376\377\116\013\217\175\155\101\172\013}{section.4.3}% 31
\BOOKMARK [2][-]{subsection.4.3.2}{\376\377\123\315\162\054\226\120\155\101\131\004\164\006}{section.4.3}% 32
\BOOKMARK [1][-]{section.4.4}{\376\377\176\337\116\000\162\171\137\201\143\320\123\326\126\150}{chapter.4}% 33
\BOOKMARK [2][-]{subsection.4.4.1}{\376\377\211\306\230\221\162\171\137\201\143\320\123\326}{section.4.4}% 34
\BOOKMARK [2][-]{subsection.4.4.2}{\376\377\227\363\230\221\162\171\137\201\143\320\123\326}{section.4.4}% 35
\BOOKMARK [2][-]{subsection.4.4.3}{\376\377\165\037\164\006\162\171\137\201\143\320\123\326}{section.4.4}% 36
\BOOKMARK [2][-]{subsection.4.4.4}{\376\377\165\050\203\157\162\171\137\201\143\320\123\326}{section.4.4}% 37
\BOOKMARK [1][-]{section.4.5}{\376\377\145\160\143\156\147\204\136\372\155\101\172\013}{chapter.4}% 38
\BOOKMARK [2][-]{subsection.4.5.1}{\376\377\150\067\147\054\147\204\136\372\173\126\165\145}{section.4.5}% 39
\BOOKMARK [0][-]{chapter.5}{\376\377\133\236\232\214\213\276\177\156\116\016\176\323\147\234\122\006\147\220}{}% 40
\BOOKMARK [1][-]{section.5.1}{\376\377\133\236\232\214\213\276\177\156}{chapter.5}% 41
\BOOKMARK [2][-]{subsection.5.1.1}{\376\377\152\041\127\213\221\115\177\156}{section.5.1}% 42
\BOOKMARK [2][-]{subsection.5.1.2}{\376\377\213\255\176\303\221\115\177\156}{section.5.1}% 43
\BOOKMARK [2][-]{subsection.5.1.3}{\376\377\213\304\117\060\143\007\150\007}{section.5.1}% 44
\BOOKMARK [2][-]{subsection.5.1.4}{\376\377\155\210\207\215\133\236\232\214\213\276\213\241}{section.5.1}% 45
\BOOKMARK [1][-]{section.5.2}{\376\377\213\255\176\303\217\307\172\013}{chapter.5}% 46
\BOOKMARK [1][-]{section.5.3}{\376\377\155\113\213\325\226\306\176\323\147\234}{chapter.5}% 47
\BOOKMARK [1][-]{section.5.4}{\376\377\155\210\207\215\133\236\232\214}{chapter.5}% 48
\BOOKMARK [2][-]{subsection.5.4.1}{\376\377\000A\176\304\377\032\207\215\124\010\173\126\165\145\133\371\153\324}{section.5.4}% 49
\BOOKMARK [2][-]{subsection.5.4.2}{\376\377\000B\176\304\377\032\123\125\152\041\140\001\134\117\205\075}{section.5.4}% 50
\BOOKMARK [2][-]{subsection.5.4.3}{\376\377\000C\176\304\377\032\152\041\140\001\221\315\211\201\140\047\221\317\123\026}{section.5.4}% 51
\BOOKMARK [1][-]{section.5.5}{\376\377\172\357\122\060\172\357\143\250\164\006\232\214\213\301}{chapter.5}% 52
\BOOKMARK [1][-]{section.5.6}{\376\377\116\016\217\355\116\343\0002\133\371\153\324}{chapter.5}% 53
\BOOKMARK [0][-]{chapter.6}{\376\377\213\250\213\272\116\016\134\100\226\120\140\047}{}% 54
\BOOKMARK [1][-]{section.6.1}{\376\377\121\163\116\216\0001\0000\0000\000\045\121\306\170\156\163\207\166\204\133\241\141\116\211\343\213\373}{chapter.6}% 55
\BOOKMARK [1][-]{section.6.2}{\376\377\134\100\226\120\140\047}{chapter.6}% 56
\BOOKMARK [2][-]{subsection.6.2.1}{\376\377\145\160\143\156\211\304\152\041\147\011\226\120}{section.6.2}% 57
\BOOKMARK [2][-]{subsection.6.2.2}{\376\377\211\306\230\221\162\171\137\201\127\372\116\216\232\250\147\266\200\014\227\136\172\357\122\060\172\357}{section.6.2}% 58
\BOOKMARK [2][-]{subsection.6.2.3}{\376\377\165\037\164\006\000/\165\050\203\157\116\072\123\112\124\010\142\020\145\160\143\156}{section.6.2}% 59
\BOOKMARK [2][-]{subsection.6.2.4}{\376\377\000C\000P\000U\213\255\176\303\226\120\122\066}{section.6.2}% 60
\BOOKMARK [2][-]{subsection.6.2.5}{\376\377\152\041\140\001\147\103\221\315\143\245\217\321\127\107\123\000}{section.6.2}% 61
\BOOKMARK [1][-]{section.6.3}{\376\377\147\052\147\145\135\345\117\134}{chapter.6}% 62
\BOOKMARK [0][-]{chapter.7}{\376\377\176\323\213\272}{}% 63
\BOOKMARK [1][-]{section.7.1}{\376\377\116\073\211\201\135\345\117\134\140\073\176\323}{chapter.7}% 64
\BOOKMARK [1][-]{section.7.2}{\376\377\150\070\137\303\123\321\163\260}{chapter.7}% 65
\BOOKMARK [2][-]{subsection.7.2.1}{\376\377\215\350\152\041\140\001\154\350\141\017\122\233\117\030\116\216\173\200\123\125\142\374\143\245}{section.7.2}% 66
\BOOKMARK [2][-]{subsection.7.2.2}{\376\377\126\333\152\041\140\001\127\107\133\371\121\263\173\126\147\011\215\041\163\056}{section.7.2}% 67
\BOOKMARK [2][-]{subsection.7.2.3}{\376\377\167\037\133\236\211\306\230\221\162\171\137\201\133\371\152\041\127\213\213\255\176\303\147\011\145\110}{section.7.2}% 68
\BOOKMARK [2][-]{subsection.7.2.4}{\376\377\172\357\122\060\172\357\143\250\164\006\123\357\227\140}{section.7.2}% 69
\BOOKMARK [1][-]{section.7.3}{\376\377\134\100\226\120\140\047\126\336\230\176}{chapter.7}% 70
\BOOKMARK [1][-]{section.7.4}{\376\377\147\052\147\145\134\125\147\033}{chapter.7}% 71
\BOOKMARK [0][-]{appendix.A}{\376\377\126\342\226\037\122\006\135\345}{}% 72
\BOOKMARK [1][-]{section.A.1}{\376\377\135\362\133\214\142\020\135\345\117\134\213\364\146\016}{appendix.A}% 73
\BOOKMARK [1][-]{section.A.2}{\376\377\122\151\117\131\116\244\116\330\162\151}{appendix.A}% 74
\BOOKMARK [0][-]{appendix.B}{\376\377\163\257\130\203\221\115\177\156\116\016\131\015\163\260\143\007\123\127}{}% 75
\BOOKMARK [1][-]{section.B.1}{\376\377\170\154\116\366\116\016\217\157\116\366\163\257\130\203}{appendix.B}% 76
\BOOKMARK [1][-]{section.B.2}{\376\377\133\211\210\305\117\235\215\126}{appendix.B}% 77
\BOOKMARK [1][-]{section.B.3}{\376\377\145\160\143\156\121\306\131\007}{appendix.B}% 78
\BOOKMARK [1][-]{section.B.4}{\376\377\152\041\127\213\213\255\176\303}{appendix.B}% 79
\BOOKMARK [1][-]{section.B.5}{\376\377\213\304\117\060\116\016\155\210\207\215}{appendix.B}% 80
\BOOKMARK [1][-]{section.B.6}{\376\377\136\224\165\050\217\320\210\114}{appendix.B}% 81
\BOOKMARK [1][-]{section.B.7}{\376\377\230\171\166\356\145\207\116\366\176\323\147\204}{appendix.B}% 82
\BOOKMARK [0][-]{appendix.C}{\376\377\121\163\225\056\133\236\232\214\145\160\143\156}{}% 83
\BOOKMARK [1][-]{section.C.1}{\376\377\213\255\176\303\123\206\123\362}{appendix.C}% 84
\BOOKMARK [1][-]{section.C.2}{\376\377\155\113\213\325\226\306\155\367\155\306\167\351\226\065}{appendix.C}% 85
\BOOKMARK [1][-]{section.C.3}{\376\377\172\357\122\060\172\357\143\250\164\006\155\113\213\325\176\323\147\234}{appendix.C}% 86
